// Jest Snapshot v1, https://goo.gl/fbAQLP

exports[`<SchoolYear /> should render normally 1`] = `
ShallowWrapper {
  "length": 1,
  Symbol(enzyme.__root__): [Circular],
  Symbol(enzyme.__unrendered__): <SchoolYear
    current="9"
  />,
  Symbol(enzyme.__renderer__): Object {
    "batchedUpdates": [Function],
    "getNode": [Function],
    "render": [Function],
    "simulateEvent": [Function],
    "unmount": [Function],
  },
  Symbol(enzyme.__node__): Object {
    "instance": null,
    "key": undefined,
    "nodeType": "host",
    "props": Object {
      "children": <select>
        <option
          selected={false}
          value="2016-2017"
        >
          2016-2017
        </option>
        <option
          selected={false}
          value="2017-2018"
        >
          2017-2018
        </option>
        <option
          selected={false}
          value="2018-2019"
        >
          2018-2019
        </option>
        <option
          selected={false}
          value="2019-2020"
        >
          2019-2020
        </option>
      </select>,
    },
    "ref": null,
    "rendered": Object {
      "instance": null,
      "key": undefined,
      "nodeType": "host",
      "props": Object {
        "children": Array [
          <option
            selected={false}
            value="2016-2017"
          >
            2016-2017
          </option>,
          <option
            selected={false}
            value="2017-2018"
          >
            2017-2018
          </option>,
          <option
            selected={false}
            value="2018-2019"
          >
            2018-2019
          </option>,
          <option
            selected={false}
            value="2019-2020"
          >
            2019-2020
          </option>,
        ],
      },
      "ref": null,
      "rendered": Array [
        Object {
          "instance": null,
          "key": "2016-2017",
          "nodeType": "host",
          "props": Object {
            "children": "2016-2017",
            "selected": false,
            "value": "2016-2017",
          },
          "ref": null,
          "rendered": "2016-2017",
          "type": "option",
        },
        Object {
          "instance": null,
          "key": "2017-2018",
          "nodeType": "host",
          "props": Object {
            "children": "2017-2018",
            "selected": false,
            "value": "2017-2018",
          },
          "ref": null,
          "rendered": "2017-2018",
          "type": "option",
        },
        Object {
          "instance": null,
          "key": "2018-2019",
          "nodeType": "host",
          "props": Object {
            "children": "2018-2019",
            "selected": false,
            "value": "2018-2019",
          },
          "ref": null,
          "rendered": "2018-2019",
          "type": "option",
        },
        Object {
          "instance": null,
          "key": "2019-2020",
          "nodeType": "host",
          "props": Object {
            "children": "2019-2020",
            "selected": false,
            "value": "2019-2020",
          },
          "ref": null,
          "rendered": "2019-2020",
          "type": "option",
        },
      ],
      "type": "select",
    },
    "type": "div",
  },
  Symbol(enzyme.__nodes__): Array [
    Object {
      "instance": null,
      "key": undefined,
      "nodeType": "host",
      "props": Object {
        "children": <select>
          <option
            selected={false}
            value="2016-2017"
          >
            2016-2017
          </option>
          <option
            selected={false}
            value="2017-2018"
          >
            2017-2018
          </option>
          <option
            selected={false}
            value="2018-2019"
          >
            2018-2019
          </option>
          <option
            selected={false}
            value="2019-2020"
          >
            2019-2020
          </option>
        </select>,
      },
      "ref": null,
      "rendered": Object {
        "instance": null,
        "key": undefined,
        "nodeType": "host",
        "props": Object {
          "children": Array [
            <option
              selected={false}
              value="2016-2017"
            >
              2016-2017
            </option>,
            <option
              selected={false}
              value="2017-2018"
            >
              2017-2018
            </option>,
            <option
              selected={false}
              value="2018-2019"
            >
              2018-2019
            </option>,
            <option
              selected={false}
              value="2019-2020"
            >
              2019-2020
            </option>,
          ],
        },
        "ref": null,
        "rendered": Array [
          Object {
            "instance": null,
            "key": "2016-2017",
            "nodeType": "host",
            "props": Object {
              "children": "2016-2017",
              "selected": false,
              "value": "2016-2017",
            },
            "ref": null,
            "rendered": "2016-2017",
            "type": "option",
          },
          Object {
            "instance": null,
            "key": "2017-2018",
            "nodeType": "host",
            "props": Object {
              "children": "2017-2018",
              "selected": false,
              "value": "2017-2018",
            },
            "ref": null,
            "rendered": "2017-2018",
            "type": "option",
          },
          Object {
            "instance": null,
            "key": "2018-2019",
            "nodeType": "host",
            "props": Object {
              "children": "2018-2019",
              "selected": false,
              "value": "2018-2019",
            },
            "ref": null,
            "rendered": "2018-2019",
            "type": "option",
          },
          Object {
            "instance": null,
            "key": "2019-2020",
            "nodeType": "host",
            "props": Object {
              "children": "2019-2020",
              "selected": false,
              "value": "2019-2020",
            },
            "ref": null,
            "rendered": "2019-2020",
            "type": "option",
          },
        ],
        "type": "select",
      },
      "type": "div",
    },
  ],
  Symbol(enzyme.__options__): Object {
    "adapter": ReactSixteenAdapter {
      "options": Object {
        "enableComponentDidUpdateOnSetState": true,
      },
    },
  },
}
`;
