// Jest Snapshot v1, https://goo.gl/fbAQLP

exports[`Header default should render correctly 1`] = `
ShallowWrapper {
  "length": 1,
  Symbol(enzyme.__root__): [Circular],
  Symbol(enzyme.__unrendered__): <HeaderDefault
    currentWeek={"2017-02-14T12:51:48.000Z"}
    match={
      Object {
        "params": Object {},
      }
    }
    signOutAction={[MockFunction]}
  />,
  Symbol(enzyme.__renderer__): Object {
    "batchedUpdates": [Function],
    "getNode": [Function],
    "render": [Function],
    "simulateEvent": [Function],
    "unmount": [Function],
  },
  Symbol(enzyme.__node__): Object {
    "instance": null,
    "key": undefined,
    "nodeType": "class",
    "props": Object {
      "children": Array [
        <styled.div>
          <styled.button
            onClick={[Function]}
          >
            <MenuSvg />
          </styled.button>
          <HeaderTitle>
            Planning de la MFR de chatte
          </HeaderTitle>
          <LogoutButton
            onClick={[MockFunction]}
          >
            <span>
              Se déconnecter
            </span>
            <LogoutSvg />
          </LogoutButton>
        </styled.div>,
        <styled.nav
          menu={false}
        >
          <styled.button
            onClick={[Function]}
          >
            <MenuClose />
          </styled.button>
          <HeaderLink
            to="/home"
          >
            Accueil
          </HeaderLink>
          <HeaderLink
            to="/classes"
          >
            Classes
          </HeaderLink>
          <HeaderLink
            to="/calendrier"
          >
            Calendrier
          </HeaderLink>
          <HeaderLink
            to="/taches"
          >
            Taches
          </HeaderLink>
          <HeaderLink
            style={
              Object {
                "textDecoration": "none",
              }
            }
            to="/home"
          >
            Semaine du 
            14 février 2017
          </HeaderLink>
        </styled.nav>,
      ],
    },
    "ref": null,
    "rendered": Array [
      Object {
        "instance": null,
        "key": undefined,
        "nodeType": "class",
        "props": Object {
          "children": Array [
            <styled.button
              onClick={[Function]}
            >
              <MenuSvg />
            </styled.button>,
            <HeaderTitle>
              Planning de la MFR de chatte
            </HeaderTitle>,
            <LogoutButton
              onClick={[MockFunction]}
            >
              <span>
                Se déconnecter
              </span>
              <LogoutSvg />
            </LogoutButton>,
          ],
        },
        "ref": null,
        "rendered": Array [
          Object {
            "instance": null,
            "key": undefined,
            "nodeType": "class",
            "props": Object {
              "children": <MenuSvg />,
              "onClick": [Function],
            },
            "ref": null,
            "rendered": Object {
              "instance": null,
              "key": undefined,
              "nodeType": "function",
              "props": Object {},
              "ref": null,
              "rendered": null,
              "type": [Function],
            },
            "type": [Function],
          },
          Object {
            "instance": null,
            "key": undefined,
            "nodeType": "function",
            "props": Object {
              "children": "Planning de la MFR de chatte",
            },
            "ref": null,
            "rendered": "Planning de la MFR de chatte",
            "type": [Function],
          },
          Object {
            "instance": null,
            "key": undefined,
            "nodeType": "function",
            "props": Object {
              "children": Array [
                <span>
                  Se déconnecter
                </span>,
                <LogoutSvg />,
              ],
              "onClick": [MockFunction],
            },
            "ref": null,
            "rendered": Array [
              Object {
                "instance": null,
                "key": undefined,
                "nodeType": "host",
                "props": Object {
                  "children": "Se déconnecter",
                },
                "ref": null,
                "rendered": "Se déconnecter",
                "type": "span",
              },
              Object {
                "instance": null,
                "key": undefined,
                "nodeType": "function",
                "props": Object {},
                "ref": null,
                "rendered": null,
                "type": [Function],
              },
            ],
            "type": [Function],
          },
        ],
        "type": [Function],
      },
      Object {
        "instance": null,
        "key": undefined,
        "nodeType": "class",
        "props": Object {
          "children": Array [
            <styled.button
              onClick={[Function]}
            >
              <MenuClose />
            </styled.button>,
            <HeaderLink
              to="/home"
            >
              Accueil
            </HeaderLink>,
            <HeaderLink
              to="/classes"
            >
              Classes
            </HeaderLink>,
            <HeaderLink
              to="/calendrier"
            >
              Calendrier
            </HeaderLink>,
            <HeaderLink
              to="/taches"
            >
              Taches
            </HeaderLink>,
            <HeaderLink
              style={
                Object {
                  "textDecoration": "none",
                }
              }
              to="/home"
            >
              Semaine du 
              14 février 2017
            </HeaderLink>,
          ],
          "menu": false,
        },
        "ref": null,
        "rendered": Array [
          Object {
            "instance": null,
            "key": undefined,
            "nodeType": "class",
            "props": Object {
              "children": <MenuClose />,
              "onClick": [Function],
            },
            "ref": null,
            "rendered": Object {
              "instance": null,
              "key": undefined,
              "nodeType": "function",
              "props": Object {},
              "ref": null,
              "rendered": null,
              "type": [Function],
            },
            "type": [Function],
          },
          Object {
            "instance": null,
            "key": undefined,
            "nodeType": "function",
            "props": Object {
              "children": "Accueil",
              "to": "/home",
            },
            "ref": null,
            "rendered": "Accueil",
            "type": [Function],
          },
          Object {
            "instance": null,
            "key": undefined,
            "nodeType": "function",
            "props": Object {
              "children": "Classes",
              "to": "/classes",
            },
            "ref": null,
            "rendered": "Classes",
            "type": [Function],
          },
          Object {
            "instance": null,
            "key": undefined,
            "nodeType": "function",
            "props": Object {
              "children": "Calendrier",
              "to": "/calendrier",
            },
            "ref": null,
            "rendered": "Calendrier",
            "type": [Function],
          },
          Object {
            "instance": null,
            "key": undefined,
            "nodeType": "function",
            "props": Object {
              "children": "Taches",
              "to": "/taches",
            },
            "ref": null,
            "rendered": "Taches",
            "type": [Function],
          },
          Object {
            "instance": null,
            "key": undefined,
            "nodeType": "function",
            "props": Object {
              "children": Array [
                "Semaine du ",
                "14 février 2017",
              ],
              "style": Object {
                "textDecoration": "none",
              },
              "to": "/home",
            },
            "ref": null,
            "rendered": Array [
              "Semaine du ",
              "14 février 2017",
            ],
            "type": [Function],
          },
        ],
        "type": [Function],
      },
    ],
    "type": [Function],
  },
  Symbol(enzyme.__nodes__): Array [
    Object {
      "instance": null,
      "key": undefined,
      "nodeType": "class",
      "props": Object {
        "children": Array [
          <styled.div>
            <styled.button
              onClick={[Function]}
            >
              <MenuSvg />
            </styled.button>
            <HeaderTitle>
              Planning de la MFR de chatte
            </HeaderTitle>
            <LogoutButton
              onClick={[MockFunction]}
            >
              <span>
                Se déconnecter
              </span>
              <LogoutSvg />
            </LogoutButton>
          </styled.div>,
          <styled.nav
            menu={false}
          >
            <styled.button
              onClick={[Function]}
            >
              <MenuClose />
            </styled.button>
            <HeaderLink
              to="/home"
            >
              Accueil
            </HeaderLink>
            <HeaderLink
              to="/classes"
            >
              Classes
            </HeaderLink>
            <HeaderLink
              to="/calendrier"
            >
              Calendrier
            </HeaderLink>
            <HeaderLink
              to="/taches"
            >
              Taches
            </HeaderLink>
            <HeaderLink
              style={
                Object {
                  "textDecoration": "none",
                }
              }
              to="/home"
            >
              Semaine du 
              14 février 2017
            </HeaderLink>
          </styled.nav>,
        ],
      },
      "ref": null,
      "rendered": Array [
        Object {
          "instance": null,
          "key": undefined,
          "nodeType": "class",
          "props": Object {
            "children": Array [
              <styled.button
                onClick={[Function]}
              >
                <MenuSvg />
              </styled.button>,
              <HeaderTitle>
                Planning de la MFR de chatte
              </HeaderTitle>,
              <LogoutButton
                onClick={[MockFunction]}
              >
                <span>
                  Se déconnecter
                </span>
                <LogoutSvg />
              </LogoutButton>,
            ],
          },
          "ref": null,
          "rendered": Array [
            Object {
              "instance": null,
              "key": undefined,
              "nodeType": "class",
              "props": Object {
                "children": <MenuSvg />,
                "onClick": [Function],
              },
              "ref": null,
              "rendered": Object {
                "instance": null,
                "key": undefined,
                "nodeType": "function",
                "props": Object {},
                "ref": null,
                "rendered": null,
                "type": [Function],
              },
              "type": [Function],
            },
            Object {
              "instance": null,
              "key": undefined,
              "nodeType": "function",
              "props": Object {
                "children": "Planning de la MFR de chatte",
              },
              "ref": null,
              "rendered": "Planning de la MFR de chatte",
              "type": [Function],
            },
            Object {
              "instance": null,
              "key": undefined,
              "nodeType": "function",
              "props": Object {
                "children": Array [
                  <span>
                    Se déconnecter
                  </span>,
                  <LogoutSvg />,
                ],
                "onClick": [MockFunction],
              },
              "ref": null,
              "rendered": Array [
                Object {
                  "instance": null,
                  "key": undefined,
                  "nodeType": "host",
                  "props": Object {
                    "children": "Se déconnecter",
                  },
                  "ref": null,
                  "rendered": "Se déconnecter",
                  "type": "span",
                },
                Object {
                  "instance": null,
                  "key": undefined,
                  "nodeType": "function",
                  "props": Object {},
                  "ref": null,
                  "rendered": null,
                  "type": [Function],
                },
              ],
              "type": [Function],
            },
          ],
          "type": [Function],
        },
        Object {
          "instance": null,
          "key": undefined,
          "nodeType": "class",
          "props": Object {
            "children": Array [
              <styled.button
                onClick={[Function]}
              >
                <MenuClose />
              </styled.button>,
              <HeaderLink
                to="/home"
              >
                Accueil
              </HeaderLink>,
              <HeaderLink
                to="/classes"
              >
                Classes
              </HeaderLink>,
              <HeaderLink
                to="/calendrier"
              >
                Calendrier
              </HeaderLink>,
              <HeaderLink
                to="/taches"
              >
                Taches
              </HeaderLink>,
              <HeaderLink
                style={
                  Object {
                    "textDecoration": "none",
                  }
                }
                to="/home"
              >
                Semaine du 
                14 février 2017
              </HeaderLink>,
            ],
            "menu": false,
          },
          "ref": null,
          "rendered": Array [
            Object {
              "instance": null,
              "key": undefined,
              "nodeType": "class",
              "props": Object {
                "children": <MenuClose />,
                "onClick": [Function],
              },
              "ref": null,
              "rendered": Object {
                "instance": null,
                "key": undefined,
                "nodeType": "function",
                "props": Object {},
                "ref": null,
                "rendered": null,
                "type": [Function],
              },
              "type": [Function],
            },
            Object {
              "instance": null,
              "key": undefined,
              "nodeType": "function",
              "props": Object {
                "children": "Accueil",
                "to": "/home",
              },
              "ref": null,
              "rendered": "Accueil",
              "type": [Function],
            },
            Object {
              "instance": null,
              "key": undefined,
              "nodeType": "function",
              "props": Object {
                "children": "Classes",
                "to": "/classes",
              },
              "ref": null,
              "rendered": "Classes",
              "type": [Function],
            },
            Object {
              "instance": null,
              "key": undefined,
              "nodeType": "function",
              "props": Object {
                "children": "Calendrier",
                "to": "/calendrier",
              },
              "ref": null,
              "rendered": "Calendrier",
              "type": [Function],
            },
            Object {
              "instance": null,
              "key": undefined,
              "nodeType": "function",
              "props": Object {
                "children": "Taches",
                "to": "/taches",
              },
              "ref": null,
              "rendered": "Taches",
              "type": [Function],
            },
            Object {
              "instance": null,
              "key": undefined,
              "nodeType": "function",
              "props": Object {
                "children": Array [
                  "Semaine du ",
                  "14 février 2017",
                ],
                "style": Object {
                  "textDecoration": "none",
                },
                "to": "/home",
              },
              "ref": null,
              "rendered": Array [
                "Semaine du ",
                "14 février 2017",
              ],
              "type": [Function],
            },
          ],
          "type": [Function],
        },
      ],
      "type": [Function],
    },
  ],
  Symbol(enzyme.__options__): Object {
    "adapter": ReactSixteenAdapter {
      "options": Object {
        "enableComponentDidUpdateOnSetState": true,
      },
    },
  },
}
`;
