// Jest Snapshot v1, https://goo.gl/fbAQLP

exports[`Body calendar should render no week found 1`] = `
ShallowWrapper {
  "length": 1,
  Symbol(enzyme.__root__): [Circular],
  Symbol(enzyme.__unrendered__): <BodyCalendar
    fetchWeek={
      [MockFunction] {
        "calls": Array [
          Array [],
        ],
        "results": Array [
          Object {
            "isThrow": false,
            "value": undefined,
          },
        ],
      }
    }
    match={
      Object {
        "params": Object {},
      }
    }
  />,
  Symbol(enzyme.__renderer__): Object {
    "batchedUpdates": [Function],
    "getNode": [Function],
    "render": [Function],
    "simulateEvent": [Function],
    "unmount": [Function],
  },
  Symbol(enzyme.__node__): Object {
    "instance": null,
    "key": undefined,
    "nodeType": "host",
    "props": Object {
      "children": "Pas de semaine programmée",
    },
    "ref": null,
    "rendered": "Pas de semaine programmée",
    "type": "span",
  },
  Symbol(enzyme.__nodes__): Array [
    Object {
      "instance": null,
      "key": undefined,
      "nodeType": "host",
      "props": Object {
        "children": "Pas de semaine programmée",
      },
      "ref": null,
      "rendered": "Pas de semaine programmée",
      "type": "span",
    },
  ],
  Symbol(enzyme.__options__): Object {
    "adapter": ReactSixteenAdapter {
      "options": Object {
        "enableComponentDidUpdateOnSetState": true,
      },
    },
  },
}
`;

exports[`Body calendar should render normally 1`] = `
ShallowWrapper {
  "length": 1,
  Symbol(enzyme.__root__): [Circular],
  Symbol(enzyme.__unrendered__): <BodyCalendar
    fetchWeek={[MockFunction]}
    match={
      Object {
        "params": Object {},
      }
    }
    week={
      Object {
        "tasks": Array [],
      }
    }
  />,
  Symbol(enzyme.__renderer__): Object {
    "batchedUpdates": [Function],
    "getNode": [Function],
    "render": [Function],
    "simulateEvent": [Function],
    "unmount": [Function],
  },
  Symbol(enzyme.__node__): Object {
    "instance": null,
    "key": undefined,
    "nodeType": "host",
    "props": Object {
      "children": <table
        cellSpacing="0"
        className="f7 w-100 center"
      >
        <thead>
          <tr>
            <th
              className="fw6 bb b--black-20 tl pb3 pr3"
            >
              Tâche
            </th>
            <th
              className="fw6 bb b--black-20 tl pb3 pr3"
            >
              Classe
            </th>
            <th
              className="fw6 bb b--black-20 tl pb3 pr3"
            >
              Groupe
            </th>
            <th
              className="fw6 bb b--black-20 tl pb3 pr3"
            >
              Étudiants
            </th>
          </tr>
        </thead>
        <tbody
          className="lh-copy"
        />
      </table>,
      "id": "planning",
    },
    "ref": null,
    "rendered": Object {
      "instance": null,
      "key": undefined,
      "nodeType": "host",
      "props": Object {
        "cellSpacing": "0",
        "children": Array [
          <thead>
            <tr>
              <th
                className="fw6 bb b--black-20 tl pb3 pr3"
              >
                Tâche
              </th>
              <th
                className="fw6 bb b--black-20 tl pb3 pr3"
              >
                Classe
              </th>
              <th
                className="fw6 bb b--black-20 tl pb3 pr3"
              >
                Groupe
              </th>
              <th
                className="fw6 bb b--black-20 tl pb3 pr3"
              >
                Étudiants
              </th>
            </tr>
          </thead>,
          <tbody
            className="lh-copy"
          />,
        ],
        "className": "f7 w-100 center",
      },
      "ref": null,
      "rendered": Array [
        Object {
          "instance": null,
          "key": undefined,
          "nodeType": "host",
          "props": Object {
            "children": <tr>
              <th
                className="fw6 bb b--black-20 tl pb3 pr3"
              >
                Tâche
              </th>
              <th
                className="fw6 bb b--black-20 tl pb3 pr3"
              >
                Classe
              </th>
              <th
                className="fw6 bb b--black-20 tl pb3 pr3"
              >
                Groupe
              </th>
              <th
                className="fw6 bb b--black-20 tl pb3 pr3"
              >
                Étudiants
              </th>
            </tr>,
          },
          "ref": null,
          "rendered": Object {
            "instance": null,
            "key": undefined,
            "nodeType": "host",
            "props": Object {
              "children": Array [
                <th
                  className="fw6 bb b--black-20 tl pb3 pr3"
                >
                  Tâche
                </th>,
                <th
                  className="fw6 bb b--black-20 tl pb3 pr3"
                >
                  Classe
                </th>,
                <th
                  className="fw6 bb b--black-20 tl pb3 pr3"
                >
                  Groupe
                </th>,
                <th
                  className="fw6 bb b--black-20 tl pb3 pr3"
                >
                  Étudiants
                </th>,
              ],
            },
            "ref": null,
            "rendered": Array [
              Object {
                "instance": null,
                "key": undefined,
                "nodeType": "host",
                "props": Object {
                  "children": "Tâche",
                  "className": "fw6 bb b--black-20 tl pb3 pr3",
                },
                "ref": null,
                "rendered": "Tâche",
                "type": "th",
              },
              Object {
                "instance": null,
                "key": undefined,
                "nodeType": "host",
                "props": Object {
                  "children": "Classe",
                  "className": "fw6 bb b--black-20 tl pb3 pr3",
                },
                "ref": null,
                "rendered": "Classe",
                "type": "th",
              },
              Object {
                "instance": null,
                "key": undefined,
                "nodeType": "host",
                "props": Object {
                  "children": "Groupe",
                  "className": "fw6 bb b--black-20 tl pb3 pr3",
                },
                "ref": null,
                "rendered": "Groupe",
                "type": "th",
              },
              Object {
                "instance": null,
                "key": undefined,
                "nodeType": "host",
                "props": Object {
                  "children": "Étudiants",
                  "className": "fw6 bb b--black-20 tl pb3 pr3",
                },
                "ref": null,
                "rendered": "Étudiants",
                "type": "th",
              },
            ],
            "type": "tr",
          },
          "type": "thead",
        },
        Object {
          "instance": null,
          "key": undefined,
          "nodeType": "host",
          "props": Object {
            "children": Array [],
            "className": "lh-copy",
          },
          "ref": null,
          "rendered": Array [],
          "type": "tbody",
        },
      ],
      "type": "table",
    },
    "type": "div",
  },
  Symbol(enzyme.__nodes__): Array [
    Object {
      "instance": null,
      "key": undefined,
      "nodeType": "host",
      "props": Object {
        "children": <table
          cellSpacing="0"
          className="f7 w-100 center"
        >
          <thead>
            <tr>
              <th
                className="fw6 bb b--black-20 tl pb3 pr3"
              >
                Tâche
              </th>
              <th
                className="fw6 bb b--black-20 tl pb3 pr3"
              >
                Classe
              </th>
              <th
                className="fw6 bb b--black-20 tl pb3 pr3"
              >
                Groupe
              </th>
              <th
                className="fw6 bb b--black-20 tl pb3 pr3"
              >
                Étudiants
              </th>
            </tr>
          </thead>
          <tbody
            className="lh-copy"
          />
        </table>,
        "id": "planning",
      },
      "ref": null,
      "rendered": Object {
        "instance": null,
        "key": undefined,
        "nodeType": "host",
        "props": Object {
          "cellSpacing": "0",
          "children": Array [
            <thead>
              <tr>
                <th
                  className="fw6 bb b--black-20 tl pb3 pr3"
                >
                  Tâche
                </th>
                <th
                  className="fw6 bb b--black-20 tl pb3 pr3"
                >
                  Classe
                </th>
                <th
                  className="fw6 bb b--black-20 tl pb3 pr3"
                >
                  Groupe
                </th>
                <th
                  className="fw6 bb b--black-20 tl pb3 pr3"
                >
                  Étudiants
                </th>
              </tr>
            </thead>,
            <tbody
              className="lh-copy"
            />,
          ],
          "className": "f7 w-100 center",
        },
        "ref": null,
        "rendered": Array [
          Object {
            "instance": null,
            "key": undefined,
            "nodeType": "host",
            "props": Object {
              "children": <tr>
                <th
                  className="fw6 bb b--black-20 tl pb3 pr3"
                >
                  Tâche
                </th>
                <th
                  className="fw6 bb b--black-20 tl pb3 pr3"
                >
                  Classe
                </th>
                <th
                  className="fw6 bb b--black-20 tl pb3 pr3"
                >
                  Groupe
                </th>
                <th
                  className="fw6 bb b--black-20 tl pb3 pr3"
                >
                  Étudiants
                </th>
              </tr>,
            },
            "ref": null,
            "rendered": Object {
              "instance": null,
              "key": undefined,
              "nodeType": "host",
              "props": Object {
                "children": Array [
                  <th
                    className="fw6 bb b--black-20 tl pb3 pr3"
                  >
                    Tâche
                  </th>,
                  <th
                    className="fw6 bb b--black-20 tl pb3 pr3"
                  >
                    Classe
                  </th>,
                  <th
                    className="fw6 bb b--black-20 tl pb3 pr3"
                  >
                    Groupe
                  </th>,
                  <th
                    className="fw6 bb b--black-20 tl pb3 pr3"
                  >
                    Étudiants
                  </th>,
                ],
              },
              "ref": null,
              "rendered": Array [
                Object {
                  "instance": null,
                  "key": undefined,
                  "nodeType": "host",
                  "props": Object {
                    "children": "Tâche",
                    "className": "fw6 bb b--black-20 tl pb3 pr3",
                  },
                  "ref": null,
                  "rendered": "Tâche",
                  "type": "th",
                },
                Object {
                  "instance": null,
                  "key": undefined,
                  "nodeType": "host",
                  "props": Object {
                    "children": "Classe",
                    "className": "fw6 bb b--black-20 tl pb3 pr3",
                  },
                  "ref": null,
                  "rendered": "Classe",
                  "type": "th",
                },
                Object {
                  "instance": null,
                  "key": undefined,
                  "nodeType": "host",
                  "props": Object {
                    "children": "Groupe",
                    "className": "fw6 bb b--black-20 tl pb3 pr3",
                  },
                  "ref": null,
                  "rendered": "Groupe",
                  "type": "th",
                },
                Object {
                  "instance": null,
                  "key": undefined,
                  "nodeType": "host",
                  "props": Object {
                    "children": "Étudiants",
                    "className": "fw6 bb b--black-20 tl pb3 pr3",
                  },
                  "ref": null,
                  "rendered": "Étudiants",
                  "type": "th",
                },
              ],
              "type": "tr",
            },
            "type": "thead",
          },
          Object {
            "instance": null,
            "key": undefined,
            "nodeType": "host",
            "props": Object {
              "children": Array [],
              "className": "lh-copy",
            },
            "ref": null,
            "rendered": Array [],
            "type": "tbody",
          },
        ],
        "type": "table",
      },
      "type": "div",
    },
  ],
  Symbol(enzyme.__options__): Object {
    "adapter": ReactSixteenAdapter {
      "options": Object {
        "enableComponentDidUpdateOnSetState": true,
      },
    },
  },
}
`;
